// Jest Snapshot v1, https://goo.gl/fbAQLP

exports[`renders App 1`] = `
<DocumentFragment>
  <div
    class="App"
  >
    <button>
      Change location
    </button>
    <p>
      Change number of taxis:
    </p>
    <span
      class="MuiSlider-root MuiSlider-colorPrimary MuiSlider-marked"
    >
      <span
        class="MuiSlider-rail"
      />
      <span
        class="MuiSlider-track"
        style="left: 0%; width: 25%;"
      />
      <input
        type="hidden"
        value="5"
      />
      <span
        class="MuiSlider-mark MuiSlider-markActive"
        data-index="0"
        style="left: 0%;"
      />
      <span
        aria-hidden="true"
        class="MuiSlider-markLabel MuiSlider-markLabelActive"
        data-index="0"
        style="left: 0%;"
      >
        0
      </span>
      <span
        class="MuiSlider-mark MuiSlider-markActive"
        data-index="1"
        style="left: 25%;"
      />
      <span
        aria-hidden="true"
        class="MuiSlider-markLabel MuiSlider-markLabelActive"
        data-index="1"
        style="left: 25%;"
      >
        5
      </span>
      <span
        class="MuiSlider-mark"
        data-index="2"
        style="left: 50%;"
      />
      <span
        aria-hidden="true"
        class="MuiSlider-markLabel"
        data-index="2"
        style="left: 50%;"
      >
        10
      </span>
      <span
        class="MuiSlider-mark"
        data-index="3"
        style="left: 75%;"
      />
      <span
        aria-hidden="true"
        class="MuiSlider-markLabel"
        data-index="3"
        style="left: 75%;"
      >
        15
      </span>
      <span
        class="MuiSlider-mark"
        data-index="4"
        style="left: 100%;"
      />
      <span
        aria-hidden="true"
        class="MuiSlider-markLabel"
        data-index="4"
        style="left: 100%;"
      >
        20
      </span>
      <span
        aria-orientation="horizontal"
        aria-valuemax="20"
        aria-valuemin="0"
        aria-valuenow="5"
        class="MuiSlider-thumb MuiSlider-thumbColorPrimary"
        data-index="0"
        role="slider"
        style="left: 25%;"
        tabindex="0"
      />
    </span>
    <div
      style="height: 100vh; width: 100vw;"
    >
      <div
        style="width: 100%; height: 100%; margin: 0px; padding: 0px; position: relative;"
      >
        <div
          style="width: 100%; height: 100%; left: 0px; top: 0px; margin: 0px; padding: 0px; position: absolute;"
        />
        <div
          style="width: 50%; height: 50%; left: 50%; top: 50%; margin: 0px; padding: 0px; position: absolute;"
        >
          <div
            style="width: 100%; height: 100%; left: 0px; top: 0px; margin: 0px; padding: 0px; position: absolute;"
          />
        </div>
      </div>
    </div>
  </div>
</DocumentFragment>
`;
